// Jest Snapshot v1, https://goo.gl/fbAQLP

exports[`match home snapshot 1`] = `
<RCTSafeAreaView
  style={
    {
      "alignItems": "center",
      "flex": 1,
      "justifyContent": "center",
    }
  }
>
  <View>
    <Image
      source={
        {
          "testUri": "../../../src/assets/images/login.png",
        }
      }
      style={
        {
          "height": 300,
          "width": 300,
        }
      }
    />
    <Text
      style={
        {
          "color": "#162350",
          "fontSize": 24,
          "fontWeight": "600",
        }
      }
      testID="login-text"
    >
      Login
    </Text>
    <View
      style={
        {
          "marginVertical": 20,
          "width": 300,
        }
      }
    >
      <View
        style={
          {
            "marginBottom": 15,
          }
        }
      >
        <TextInput
          onBlur={[Function]}
          onChangeText={[Function]}
          onFocus={[Function]}
          placeholder="Enter Name"
          style={
            {
              "borderColor": "#333",
              "borderRadius": 5,
              "borderWidth": 0.4,
              "color": "#333",
              "paddingHorizontal": 15,
              "paddingVertical": 5,
            }
          }
          testID="user input"
          value=""
        />
      </View>
      <View
        style={
          {
            "marginBottom": 15,
          }
        }
      >
        <TextInput
          onBlur={[Function]}
          onChangeText={[Function]}
          onFocus={[Function]}
          placeholder="Enter Password"
          style={
            {
              "borderColor": "#333",
              "borderRadius": 5,
              "borderWidth": 0.4,
              "color": "#333",
              "paddingHorizontal": 15,
              "paddingVertical": 5,
            }
          }
          testID="user pass"
          value=""
        />
      </View>
    </View>
    <View
      style={
        {
          "alignSelf": "center",
          "width": 120,
        }
      }
    >
      <View
        accessibilityRole="button"
        accessibilityState={
          {
            "busy": undefined,
            "checked": undefined,
            "disabled": undefined,
            "expanded": undefined,
            "selected": undefined,
          }
        }
        accessibilityValue={
          {
            "max": undefined,
            "min": undefined,
            "now": undefined,
            "text": undefined,
          }
        }
        accessible={true}
        collapsable={false}
        focusable={true}
        onClick={[Function]}
        onResponderGrant={[Function]}
        onResponderMove={[Function]}
        onResponderRelease={[Function]}
        onResponderTerminate={[Function]}
        onResponderTerminationRequest={[Function]}
        onStartShouldSetResponder={[Function]}
        style={
          {
            "opacity": 1,
          }
        }
        testID="login button"
      >
        <View
          style={
            [
              {},
            ]
          }
        >
          <Text
            style={
              [
                {
                  "color": "#007AFF",
                  "fontSize": 18,
                  "margin": 8,
                  "textAlign": "center",
                },
                {
                  "color": "#162350",
                },
              ]
            }
          >
            Login
          </Text>
        </View>
      </View>
    </View>
  </View>
</RCTSafeAreaView>
`;
